Archive member included to satisfy reference by file (symbol)

/home/peng/st/stm32cubeide_1.18.0/plugins/com.st.stm32cube.ide.mcu.externaltools.gnu-tools-for-stm32.13.3.rel1.linux64_1.0.0.202410170706/tools/bin/../lib/gcc/arm-none-eabi/13.3.1/../../../../arm-none-eabi/lib/thumb/v7e-m+fp/hard/libc_nano.a(libc_a-exit.o)
                              /home/peng/st/stm32cubeide_1.18.0/plugins/com.st.stm32cube.ide.mcu.externaltools.gnu-tools-for-stm32.13.3.rel1.linux64_1.0.0.202410170706/tools/bin/../lib/gcc/arm-none-eabi/13.3.1/../../../../arm-none-eabi/lib/thumb/v7e-m+fp/hard/crt0.o (exit)
/home/peng/st/stm32cubeide_1.18.0/plugins/com.st.stm32cube.ide.mcu.externaltools.gnu-tools-for-stm32.13.3.rel1.linux64_1.0.0.202410170706/tools/bin/../lib/gcc/arm-none-eabi/13.3.1/../../../../arm-none-eabi/lib/thumb/v7e-m+fp/hard/libc_nano.a(libc_a-findfp.o)
                              /home/peng/st/stm32cubeide_1.18.0/plugins/com.st.stm32cube.ide.mcu.externaltools.gnu-tools-for-stm32.13.3.rel1.linux64_1.0.0.202410170706/tools/bin/../lib/gcc/arm-none-eabi/13.3.1/../../../../arm-none-eabi/lib/thumb/v7e-m+fp/hard/libc_nano.a(libc_a-exit.o) (__stdio_exit_handler)
/home/peng/st/stm32cubeide_1.18.0/plugins/com.st.stm32cube.ide.mcu.externaltools.gnu-tools-for-stm32.13.3.rel1.linux64_1.0.0.202410170706/tools/bin/../lib/gcc/arm-none-eabi/13.3.1/../../../../arm-none-eabi/lib/thumb/v7e-m+fp/hard/libc_nano.a(libc_a-fwalk.o)
                              /home/peng/st/stm32cubeide_1.18.0/plugins/com.st.stm32cube.ide.mcu.externaltools.gnu-tools-for-stm32.13.3.rel1.linux64_1.0.0.202410170706/tools/bin/../lib/gcc/arm-none-eabi/13.3.1/../../../../arm-none-eabi/lib/thumb/v7e-m+fp/hard/libc_nano.a(libc_a-findfp.o) (_fwalk_sglue)
/home/peng/st/stm32cubeide_1.18.0/plugins/com.st.stm32cube.ide.mcu.externaltools.gnu-tools-for-stm32.13.3.rel1.linux64_1.0.0.202410170706/tools/bin/../lib/gcc/arm-none-eabi/13.3.1/../../../../arm-none-eabi/lib/thumb/v7e-m+fp/hard/libc_nano.a(libc_a-stdio.o)
                              /home/peng/st/stm32cubeide_1.18.0/plugins/com.st.stm32cube.ide.mcu.externaltools.gnu-tools-for-stm32.13.3.rel1.linux64_1.0.0.202410170706/tools/bin/../lib/gcc/arm-none-eabi/13.3.1/../../../../arm-none-eabi/lib/thumb/v7e-m+fp/hard/libc_nano.a(libc_a-findfp.o) (__sread)
/home/peng/st/stm32cubeide_1.18.0/plugins/com.st.stm32cube.ide.mcu.externaltools.gnu-tools-for-stm32.13.3.rel1.linux64_1.0.0.202410170706/tools/bin/../lib/gcc/arm-none-eabi/13.3.1/../../../../arm-none-eabi/lib/thumb/v7e-m+fp/hard/libc_nano.a(libc_a-memset.o)
                              /home/peng/st/stm32cubeide_1.18.0/plugins/com.st.stm32cube.ide.mcu.externaltools.gnu-tools-for-stm32.13.3.rel1.linux64_1.0.0.202410170706/tools/bin/../lib/gcc/arm-none-eabi/13.3.1/../../../../arm-none-eabi/lib/thumb/v7e-m+fp/hard/crt0.o (memset)
/home/peng/st/stm32cubeide_1.18.0/plugins/com.st.stm32cube.ide.mcu.externaltools.gnu-tools-for-stm32.13.3.rel1.linux64_1.0.0.202410170706/tools/bin/../lib/gcc/arm-none-eabi/13.3.1/../../../../arm-none-eabi/lib/thumb/v7e-m+fp/hard/libc_nano.a(libc_a-closer.o)
                              /home/peng/st/stm32cubeide_1.18.0/plugins/com.st.stm32cube.ide.mcu.externaltools.gnu-tools-for-stm32.13.3.rel1.linux64_1.0.0.202410170706/tools/bin/../lib/gcc/arm-none-eabi/13.3.1/../../../../arm-none-eabi/lib/thumb/v7e-m+fp/hard/libc_nano.a(libc_a-stdio.o) (_close_r)
/home/peng/st/stm32cubeide_1.18.0/plugins/com.st.stm32cube.ide.mcu.externaltools.gnu-tools-for-stm32.13.3.rel1.linux64_1.0.0.202410170706/tools/bin/../lib/gcc/arm-none-eabi/13.3.1/../../../../arm-none-eabi/lib/thumb/v7e-m+fp/hard/libc_nano.a(libc_a-reent.o)
                              /home/peng/st/stm32cubeide_1.18.0/plugins/com.st.stm32cube.ide.mcu.externaltools.gnu-tools-for-stm32.13.3.rel1.linux64_1.0.0.202410170706/tools/bin/../lib/gcc/arm-none-eabi/13.3.1/../../../../arm-none-eabi/lib/thumb/v7e-m+fp/hard/libc_nano.a(libc_a-closer.o) (errno)
/home/peng/st/stm32cubeide_1.18.0/plugins/com.st.stm32cube.ide.mcu.externaltools.gnu-tools-for-stm32.13.3.rel1.linux64_1.0.0.202410170706/tools/bin/../lib/gcc/arm-none-eabi/13.3.1/../../../../arm-none-eabi/lib/thumb/v7e-m+fp/hard/libc_nano.a(libc_a-impure.o)
                              /home/peng/st/stm32cubeide_1.18.0/plugins/com.st.stm32cube.ide.mcu.externaltools.gnu-tools-for-stm32.13.3.rel1.linux64_1.0.0.202410170706/tools/bin/../lib/gcc/arm-none-eabi/13.3.1/../../../../arm-none-eabi/lib/thumb/v7e-m+fp/hard/libc_nano.a(libc_a-reent.o) (_impure_ptr)
/home/peng/st/stm32cubeide_1.18.0/plugins/com.st.stm32cube.ide.mcu.externaltools.gnu-tools-for-stm32.13.3.rel1.linux64_1.0.0.202410170706/tools/bin/../lib/gcc/arm-none-eabi/13.3.1/../../../../arm-none-eabi/lib/thumb/v7e-m+fp/hard/libc_nano.a(libc_a-lseekr.o)
[...]
Memory Configuration

Name             Origin             Length             Attributes
CCMRAM           0x10000000         0x00010000         xrw
RAM              0x20000000         0x00030000         xrw
FLASH            0x08000000         0x00200000         xr
*default*        0x00000000         0xffffffff

Linker script and memory map

LOAD /home/peng/st/stm32cubeide_1.18.0/plugins/com.st.stm32cube.ide.mcu.externaltools.gnu-tools-for-stm32.13.3.rel1.linux64_1.0.0.202410170706/tools/bin/../lib/gcc/arm-none-eabi/13.3.1/thumb/v7e-m+fp/hard/crti.o
LOAD /home/peng/st/stm32cubeide_1.18.0/plugins/com.st.stm32cube.ide.mcu.externaltools.gnu-tools-for-stm32.13.3.rel1.linux64_1.0.0.202410170706/tools/bin/../lib/gcc/arm-none-eabi/13.3.1/thumb/v7e-m+fp/hard/crtbegin.o
LOAD /home/peng/st/stm32cubeide_1.18.0/plugins/com.st.stm32cube.ide.mcu.externaltools.gnu-tools-for-stm32.13.3.rel1.linux64_1.0.0.202410170706/tools/bin/../lib/gcc/arm-none-eabi/13.3.1/../../../../arm-none-eabi/lib/thumb/v7e-m+fp/hard/crt0.o
LOAD ./Src/main.o
LOAD ./Src/stm32f429i_gpio_driver.o
LOAD ./Src/stm32f429i_timer_driver.o
LOAD ./Src/syscall.o
LOAD ./Src/sysmem.o
LOAD ./Startup/startup_stm32f429zitx.o
START GROUP
LOAD /home/peng/st/stm32cubeide_1.18.0/plugins/com.st.stm32cube.ide.mcu.externaltools.gnu-tools-for-stm32.13.3.rel1.linux64_1.0.0.202410170706/tools/bin/../lib/gcc/arm-none-eabi/13.3.1/../../../../arm-none-eabi/lib/thumb/v7e-m+fp/hard/libc_nano.a
LOAD /home/peng/st/stm32cubeide_1.18.0/plugins/com.st.stm32cube.ide.mcu.externaltools.gnu-tools-for-stm32.13.3.rel1.linux64_1.0.0.202410170706/tools/bin/../lib/gcc/arm-none-eabi/13.3.1/../../../../arm-none-eabi/lib/thumb/v7e-m+fp/hard/libm.a
END GROUP
START GROUP
LOAD /home/peng/st/stm32cubeide_1.18.0/plugins/com.st.stm32cube.ide.mcu.externaltools.gnu-tools-for-stm32.13.3.rel1.linux64_1.0.0.202410170706/tools/bin/../lib/gcc/arm-none-eabi/13.3.1/thumb/v7e-m+fp/hard/libgcc.a
LOAD /home/peng/st/stm32cubeide_1.18.0/plugins/com.st.stm32cube.ide.mcu.externaltools.gnu-tools-for-stm32.13.3.rel1.linux64_1.0.0.202410170706/tools/bin/../lib/gcc/arm-none-eabi/13.3.1/../../../../arm-none-eabi/lib/thumb/v7e-m+fp/hard/libc_nano.a
END GROUP
START GROUP
LOAD /home/peng/st/stm32cubeide_1.18.0/plugins/com.st.stm32cube.ide.mcu.externaltools.gnu-tools-for-stm32.13.3.rel1.linux64_1.0.0.202410170706/tools/bin/../lib/gcc/arm-none-eabi/13.3.1/thumb/v7e-m+fp/hard/libgcc.a
LOAD /home/peng/st/stm32cubeide_1.18.0/plugins/com.st.stm32cube.ide.mcu.externaltools.gnu-tools-for-stm32.13.3.rel1.linux64_1.0.0.202410170706/tools/bin/../lib/gcc/arm-none-eabi/13.3.1/../../../../arm-none-eabi/lib/thumb/v7e-m+fp/hard/libc_nano.a
LOAD /home/peng/st/stm32cubeide_1.18.0/plugins/com.st.stm32cube.ide.mcu.externaltools.gnu-tools-for-stm32.13.3.rel1.linux64_1.0.0.202410170706/tools/bin/../lib/gcc/arm-none-eabi/13.3.1/../../../../arm-none-eabi/lib/thumb/v7e-m+fp/hard/libnosys.a
END GROUP
START GROUP
LOAD /home/peng/st/stm32cubeide_1.18.0/plugins/com.st.stm32cube.ide.mcu.externaltools.gnu-tools-for-stm32.13.3.rel1.linux64_1.0.0.202410170706/tools/bin/../lib/gcc/arm-none-eabi/13.3.1/thumb/v7e-m+fp/hard/libgcc.a
LOAD /home/peng/st/stm32cubeide_1.18.0/plugins/com.st.stm32cube.ide.mcu.externaltools.gnu-tools-for-stm32.13.3.rel1.linux64_1.0.0.202410170706/tools/bin/../lib/gcc/arm-none-eabi/13.3.1/../../../../arm-none-eabi/lib/thumb/v7e-m+fp/hard/libc_nano.a
LOAD /home/peng/st/stm32cubeide_1.18.0/plugins/com.st.stm32cube.ide.mcu.externaltools.gnu-tools-for-stm32.13.3.rel1.linux64_1.0.0.202410170706/tools/bin/../lib/gcc/arm-none-eabi/13.3.1/../../../../arm-none-eabi/lib/thumb/v7e-m+fp/hard/libnosys.a
END GROUP
LOAD /home/peng/st/stm32cubeide_1.18.0/plugins/com.st.stm32cube.ide.mcu.externaltools.gnu-tools-for-stm32.13.3.rel1.linux64_1.0.0.202410170706/tools/bin/../lib/gcc/arm-none-eabi/13.3.1/thumb/v7e-m+fp/hard/crtend.o
LOAD /home/peng/st/stm32cubeide_1.18.0/plugins/com.st.stm32cube.ide.mcu.externaltools.gnu-tools-for-stm32.13.3.rel1.linux64_1.0.0.202410170706/tools/bin/../lib/gcc/arm-none-eabi/13.3.1/thumb/v7e-m+fp/hard/crtn.o
                0x20030000                        _estack = (ORIGIN (RAM) + LENGTH (RAM))
                0x00000200                        _Min_Heap_Size = 0x200
                0x00000400                        _Min_Stack_Size = 0x400

.isr_vector     0x08000000      0x1ac
                0x08000000                        . = ALIGN (0x4)
 *(.isr_vector)
 .isr_vector    0x08000000      0x1ac ./Startup/startup_stm32f429zitx.o
                0x08000000                g_pfnVectors
                0x080001ac                        . = ALIGN (0x4)

.text           0x080001ac      0xb98
                0x080001ac                        . = ALIGN (0x4)
 *(.text)
 .text          0x080001ac       0x40 /home/peng/st/stm32cubeide_1.18.0/plugins/com.st.stm32cube.ide.mcu.externaltools.gnu-tools-for-stm32.13.3.rel1.linux64_1.0.0.202410170706/tools/bin/../lib/gcc/arm-none-eabi/13.3.1/thumb/v7e-m+fp/hard/crtbegin.o
 *(.text*)
 .text.GPIO_InitConfig
                0x080001ec       0x9c ./Src/main.o
                0x080001ec                GPIO_InitConfig
 .text.TIM2_Config
                0x08000288       0x66 ./Src/main.o
                0x08000288                TIM2_Config
 *fill*         0x080002ee        0x2 
 .text.TIM2_IRQHandler
                0x080002f0       0xa4 ./Src/main.o
                0x080002f0                TIM2_IRQHandler
 .text.main     0x08000394       0x24 ./Src/main.o
                0x08000394                main
 .text.GPIO_PeriClockControl
                0x080003b8      0x230 ./Src/stm32f429i_gpio_driver.o
                0x080003b8                GPIO_PeriClockControl
 .text.GPIO_Init
                0x080005e8      0x3b8 ./Src/stm32f429i_gpio_driver.o
                0x080005e8                GPIO_Init
 .text.GPIO_IRQConfig
                0x080009a0      0x10c ./Src/stm32f429i_gpio_driver.o
                0x080009a0                GPIO_IRQConfig
 .text.GPIO_IRQPriorityConfig
                0x08000aac       0x54 ./Src/stm32f429i_gpio_driver.o
                0x08000aac                GPIO_IRQPriorityConfig
 .text.TIM_Init
                0x08000b00       0x3c ./Src/stm32f429i_timer_driver.o
                0x08000b00                TIM_Init
 .text.TIM_Start
                0x08000b3c       0x24 ./Src/stm32f429i_timer_driver.o
                0x08000b3c                TIM_Start
 .text.TIM_SetupChannel
                0x08000b60       0xdc ./Src/stm32f429i_timer_driver.o
                0x08000b60                TIM_SetupChannel
 .text.TIM_GetCCRValue
                0x08000c3c       0x24 ./Src/stm32f429i_timer_driver.o
                0x08000c3c                TIM_GetCCRValue
 .text.TIM_EnableInterrupt
                0x08000c60       0x30 ./Src/stm32f429i_timer_driver.o
                0x08000c60                TIM_EnableInterrupt
 .text.Reset_Handler
                0x08000c90       0x50 ./Startup/startup_stm32f429zitx.o
                0x08000c90                Reset_Handler
 .text.Default_Handler
                0x08000ce0        0x2 ./Startup/startup_stm32f429zitx.o
                0x08000ce0                RTC_Alarm_IRQHandler
                0x08000ce0                HASH_RNG_IRQHandler
                0x08000ce0                EXTI2_IRQHandler
                0x08000ce0                TIM8_CC_IRQHandler
                0x08000ce0                DebugMon_Handler
                0x08000ce0                UART8_IRQHandler
                0x08000ce0                SPI4_IRQHandler
                0x08000ce0                TIM1_CC_IRQHandler
                0x08000ce0                DMA2_Stream5_IRQHandler
                0x08000ce0                HardFault_Handler
                0x08000ce0                DMA1_Stream5_IRQHandler
                0x08000ce0                SysTick_Handler
                0x08000ce0                PVD_IRQHandler
                0x08000ce0                SDIO_IRQHandler
                0x08000ce0                TAMP_STAMP_IRQHandler
                0x08000ce0                PendSV_Handler
                0x08000ce0                NMI_Handler
                0x08000ce0                CAN2_RX1_IRQHandler
                0x08000ce0                EXTI3_IRQHandler
                0x08000ce0                TIM8_TRG_COM_TIM14_IRQHandler
                0x08000ce0                TIM1_UP_TIM10_IRQHandler
                0x08000ce0                TIM8_UP_TIM13_IRQHandler
                0x08000ce0                I2C3_ER_IRQHandler
                0x08000ce0                LCD_TFT_IRQHandler
                0x08000ce0                EXTI0_IRQHandler
                0x08000ce0                I2C2_EV_IRQHandler
                0x08000ce0                DMA1_Stream2_IRQHandler
                0x08000ce0                CAN1_RX0_IRQHandler
                0x08000ce0                FPU_IRQHandler
                0x08000ce0                OTG_HS_WKUP_IRQHandler
                0x08000ce0                UsageFault_Handler
                0x08000ce0                CAN2_SCE_IRQHandler
                0x08000ce0                DMA2_Stream2_IRQHandler
                0x08000ce0                SPI1_IRQHandler
                0x08000ce0                TIM6_DAC_IRQHandler
                0x08000ce0                TIM1_BRK_TIM9_IRQHandler
                0x08000ce0                DCMI_IRQHandler
                0x08000ce0                CAN2_RX0_IRQHandler
                0x08000ce0                DMA2_Stream3_IRQHandler
                0x08000ce0                USART6_IRQHandler
                0x08000ce0                USART3_IRQHandler
                0x08000ce0                CRYP_IRQHandler
                0x08000ce0                CAN1_RX1_IRQHandler
                0x08000ce0                UART5_IRQHandler
                0x08000ce0                DMA2_Stream0_IRQHandler
                0x08000ce0                TIM4_IRQHandler
                0x08000ce0                I2C1_EV_IRQHandler
                0x08000ce0                DMA1_Stream6_IRQHandler
                0x08000ce0                DMA1_Stream1_IRQHandler
                0x08000ce0                UART4_IRQHandler
                0x08000ce0                LCD_TFT_1_IRQHandler
                0x08000ce0                TIM3_IRQHandler
                0x08000ce0                RCC_IRQHandler
                0x08000ce0                TIM8_BRK_TIM12_IRQHandler
                0x08000ce0                Default_Handler
                0x08000ce0                EXTI15_10_IRQHandler
                0x08000ce0                ADC_IRQHandler
                0x08000ce0                DMA1_Stream7_IRQHandler
                0x08000ce0                SPI5_IRQHandler
                0x08000ce0                TIM7_IRQHandler
                0x08000ce0                CAN2_TX_IRQHandler
                0x08000ce0                TIM5_IRQHandler
                0x08000ce0                DMA2_Stream7_IRQHandler
                0x08000ce0                I2C3_EV_IRQHandler
                0x08000ce0                EXTI9_5_IRQHandler
                0x08000ce0                RTC_WKUP_IRQHandler
                0x08000ce0                ETH_WKUP_IRQHandler
                0x08000ce0                SPI2_IRQHandler
                0x08000ce0                OTG_HS_EP1_IN_IRQHandler
                0x08000ce0                MemManage_Handler
                0x08000ce0                DMA1_Stream0_IRQHandler
                0x08000ce0                CAN1_TX_IRQHandler
                0x08000ce0                SVC_Handler
                0x08000ce0                EXTI4_IRQHandler
                0x08000ce0                ETH_IRQHandler
                0x08000ce0                OTG_HS_EP1_OUT_IRQHandler
                0x08000ce0                WWDG_IRQHandler
                0x08000ce0                SPI6_IRQHandler
                0x08000ce0                OTG_FS_WKUP_IRQHandler
                0x08000ce0                TIM1_TRG_COM_TIM11_IRQHandler
                0x08000ce0                OTG_HS_IRQHandler
                0x08000ce0                DMA2D_IRQHandler
                0x08000ce0                EXTI1_IRQHandler
                0x08000ce0                UART7_IRQHandler
                0x08000ce0                USART2_IRQHandler
                0x08000ce0                I2C2_ER_IRQHandler
                0x08000ce0                DMA2_Stream1_IRQHandler
                0x08000ce0                CAN1_SCE_IRQHandler
                0x08000ce0                FLASH_IRQHandler
                0x08000ce0                DMA2_Stream4_IRQHandler
                0x08000ce0                BusFault_Handler
                0x08000ce0                USART1_IRQHandler
                0x08000ce0                OTG_FS_IRQHandler
                0x08000ce0                SPI3_IRQHandler
                0x08000ce0                DMA1_Stream4_IRQHandler
                0x08000ce0                I2C1_ER_IRQHandler
                0x08000ce0                FMC_IRQHandler
                0x08000ce0                DMA2_Stream6_IRQHandler
                0x08000ce0                SAI1_IRQHandler
                0x08000ce0                DMA1_Stream3_IRQHandler
 *fill*         0x08000ce2        0x2 
 .text.__libc_init_array
                0x08000ce4       0x48 /home/peng/st/stm32cubeide_1.18.0/plugins/com.st.stm32cube.ide.mcu.externaltools.gnu-tools-for-stm32.13.3.rel1.linux64_1.0.0.202410170706/tools/bin/../lib/gcc/arm-none-eabi/13.3.1/../../../../arm-none-eabi/lib/thumb/v7e-m+fp/hard/libc_nano.a(libc_a-init.o)
                0x08000ce4                __libc_init_array
 *(.glue_7)
 .glue_7        0x08000d2c        0x0 linker stubs
 *(.glue_7t)
 .glue_7t       0x08000d2c        0x0 linker stubs
 *(.eh_frame)
 .eh_frame      0x08000d2c        0x0 /home/peng/st/stm32cubeide_1.18.0/plugins/com.st.stm32cube.ide.mcu.externaltools.gnu-tools-for-stm32.13.3.rel1.linux64_1.0.0.202410170706/tools/bin/../lib/gcc/arm-none-eabi/13.3.1/thumb/v7e-m+fp/hard/crtbegin.o
 *(.init)
 .init          0x08000d2c        0x4 /home/peng/st/stm32cubeide_1.18.0/plugins/com.st.stm32cube.ide.mcu.externaltools.gnu-tools-for-stm32.13.3.rel1.linux64_1.0.0.202410170706/tools/bin/../lib/gcc/arm-none-eabi/13.3.1/thumb/v7e-m+fp/hard/crti.o
                0x08000d2c                _init
 .init          0x08000d30        0x8 /home/peng/st/stm32cubeide_1.18.0/plugins/com.st.stm32cube.ide.mcu.externaltools.gnu-tools-for-stm32.13.3.rel1.linux64_1.0.0.202410170706/tools/bin/../lib/gcc/arm-none-eabi/13.3.1/thumb/v7e-m+fp/hard/crtn.o
 *(.fini)
 .fini          0x08000d38        0x4 /home/peng/st/stm32cubeide_1.18.0/plugins/com.st.stm32cube.ide.mcu.externaltools.gnu-tools-for-stm32.13.3.rel1.linux64_1.0.0.202410170706/tools/bin/../lib/gcc/arm-none-eabi/13.3.1/thumb/v7e-m+fp/hard/crti.o
                0x08000d38                _fini
 .fini          0x08000d3c        0x8 /home/peng/st/stm32cubeide_1.18.0/plugins/com.st.stm32cube.ide.mcu.externaltools.gnu-tools-for-stm32.13.3.rel1.linux64_1.0.0.202410170706/tools/bin/../lib/gcc/arm-none-eabi/13.3.1/thumb/v7e-m+fp/hard/crtn.o
                0x08000d44                        . = ALIGN (0x4)
                0x08000d44                        _etext = .

.vfp11_veneer   0x08000d44        0x0
 .vfp11_veneer  0x08000d44        0x0 linker stubs

.v4_bx          0x08000d44        0x0
 .v4_bx         0x08000d44        0x0 linker stubs

.iplt           0x08000d44        0x0
 .iplt          0x08000d44        0x0 /home/peng/st/stm32cubeide_1.18.0/plugins/com.st.stm32cube.ide.mcu.externaltools.gnu-tools-for-stm32.13.3.rel1.linux64_1.0.0.202410170706/tools/bin/../lib/gcc/arm-none-eabi/13.3.1/thumb/v7e-m+fp/hard/crtbegin.o

.rodata         0x08000d44        0x0
                0x08000d44                        . = ALIGN (0x4)
 *(.rodata)
 *(.rodata*)
                0x08000d44                        . = ALIGN (0x4)

.ARM.extab      0x08000d44        0x0
                0x08000d44                        . = ALIGN (0x4)
 *(.ARM.extab* .gnu.linkonce.armextab.*)
                0x08000d44                        . = ALIGN (0x4)

.ARM            0x08000d44        0x0
                0x08000d44                        . = ALIGN (0x4)
                0x08000d44                        __exidx_start = .
 *(.ARM.exidx*)
                0x08000d44                        __exidx_end = .
                0x08000d44                        . = ALIGN (0x4)

.preinit_array  0x08000d44        0x0
                0x08000d44                        . = ALIGN (0x4)
                0x08000d44                        PROVIDE (__preinit_array_start = .)
 *(.preinit_array*)
                0x08000d44                        PROVIDE (__preinit_array_end = .)
                0x08000d44                        . = ALIGN (0x4)

.init_array     0x08000d44        0x4
                0x08000d44                        . = ALIGN (0x4)
                0x08000d44                        PROVIDE (__init_array_start = .)
 *(SORT_BY_NAME(.init_array.*))
 *(.init_array*)
 .init_array    0x08000d44        0x4 /home/peng/st/stm32cubeide_1.18.0/plugins/com.st.stm32cube.ide.mcu.externaltools.gnu-tools-for-stm32.13.3.rel1.linux64_1.0.0.202410170706/tools/bin/../lib/gcc/arm-none-eabi/13.3.1/thumb/v7e-m+fp/hard/crtbegin.o
                0x08000d48                        PROVIDE (__init_array_end = .)
                0x08000d48                        . = ALIGN (0x4)

.fini_array     0x08000d48        0x4
                0x08000d48                        . = ALIGN (0x4)
                [!provide]                        PROVIDE (__fini_array_start = .)
 *(SORT_BY_NAME(.fini_array.*))
 *(.fini_array*)
 .fini_array    0x08000d48        0x4 /home/peng/st/stm32cubeide_1.18.0/plugins/com.st.stm32cube.ide.mcu.externaltools.gnu-tools-for-stm32.13.3.rel1.linux64_1.0.0.202410170706/tools/bin/../lib/gcc/arm-none-eabi/13.3.1/thumb/v7e-m+fp/hard/crtbegin.o
                [!provide]                        PROVIDE (__fini_array_end = .)
                0x08000d4c                        . = ALIGN (0x4)
                0x08000d4c                        _sidata = LOADADDR (.data)

.rel.dyn        0x08000d4c        0x0
 .rel.iplt      0x08000d4c        0x0 /home/peng/st/stm32cubeide_1.18.0/plugins/com.st.stm32cube.ide.mcu.externaltools.gnu-tools-for-stm32.13.3.rel1.linux64_1.0.0.202410170706/tools/bin/../lib/gcc/arm-none-eabi/13.3.1/thumb/v7e-m+fp/hard/crtbegin.o

.data           0x20000000        0x0 load address 0x08000d4c
                0x20000000                        . = ALIGN (0x4)
                0x20000000                        _sdata = .
 *(.data)
 *(.data*)
 *(.RamFunc)
 *(.RamFunc*)
                0x20000000                        . = ALIGN (0x4)
                0x20000000                        _edata = .
                0x08000d4c                        _siccmram = LOADADDR (.ccmram)

.igot.plt       0x20000000        0x0 load address 0x08000d4c
 .igot.plt      0x20000000        0x0 /home/peng/st/stm32cubeide_1.18.0/plugins/com.st.stm32cube.ide.mcu.externaltools.gnu-tools-for-stm32.13.3.rel1.linux64_1.0.0.202410170706/tools/bin/../lib/gcc/arm-none-eabi/13.3.1/thumb/v7e-m+fp/hard/crtbegin.o

.ccmram         0x10000000        0x0 load address 0x08000d4c
                0x10000000                        . = ALIGN (0x4)
                0x10000000                        _sccmram = .
 *(.ccmram)
 *(.ccmram*)
                0x10000000                        . = ALIGN (0x4)
                0x10000000                        _eccmram = .
                0x10000000                        . = ALIGN (0x4)

.bss            0x20000000       0x28
                0x20000000                        _sbss = .
                0x20000000                        __bss_start__ = _sbss
 *(.bss)
 .bss           0x20000000       0x1c /home/peng/st/stm32cubeide_1.18.0/plugins/com.st.stm32cube.ide.mcu.externaltools.gnu-tools-for-stm32.13.3.rel1.linux64_1.0.0.202410170706/tools/bin/../lib/gcc/arm-none-eabi/13.3.1/thumb/v7e-m+fp/hard/crtbegin.o
 *(.bss*)
 .bss.start_time
                0x2000001c        0x8 ./Src/main.o
                0x2000001c                start_time
 .bss.overflow_count.0
                0x20000024        0x4 ./Src/main.o
 *(COMMON)
                0x20000028                        . = ALIGN (0x4)
                0x20000028                        _ebss = .
                0x20000028                        __bss_end__ = _ebss

._user_heap_stack
                0x20000028      0x600
                0x20000028                        . = ALIGN (0x8)
                [!provide]                        PROVIDE (end = .)
                0x20000028                        PROVIDE (_end = .)
                0x20000228                        . = (. + _Min_Heap_Size)
 *fill*         0x20000028      0x200 
                0x20000628                        . = (. + _Min_Stack_Size)
 *fill*         0x20000228      0x400 
                0x20000628                        . = ALIGN (0x8)

/DISCARD/
 libc.a(*)
 libm.a(*)
 libgcc.a(*)

.ARM.attributes
                0x00000000       0x30
 *(.ARM.attributes)
 .ARM.attributes
                0x00000000       0x22 /home/peng/st/stm32cubeide_1.18.0/plugins/com.st.stm32cube.ide.mcu.externaltools.gnu-tools-for-stm32.13.3.rel1.linux64_1.0.0.202410170706/tools/bin/../lib/gcc/arm-none-eabi/13.3.1/thumb/v7e-m+fp/hard/crti.o
 .ARM.attributes
                0x00000022       0x34 /home/peng/st/stm32cubeide_1.18.0/plugins/com.st.stm32cube.ide.mcu.externaltools.gnu-tools-for-stm32.13.3.rel1.linux64_1.0.0.202410170706/tools/bin/../lib/gcc/arm-none-eabi/13.3.1/thumb/v7e-m+fp/hard/crtbegin.o
 .ARM.attributes
                0x00000056       0x34 ./Src/main.o
 .ARM.attributes
                0x0000008a       0x34 ./Src/stm32f429i_gpio_driver.o
 .ARM.attributes
                0x000000be       0x34 ./Src/stm32f429i_timer_driver.o
 .ARM.attributes
                0x000000f2       0x21 ./Startup/startup_stm32f429zitx.o
 .ARM.attributes
                0x00000113       0x34 /home/peng/st/stm32cubeide_1.18.0/plugins/com.st.stm32cube.ide.mcu.externaltools.gnu-tools-for-stm32.13.3.rel1.linux64_1.0.0.202410170706/tools/bin/../lib/gcc/arm-none-eabi/13.3.1/../../../../arm-none-eabi/lib/thumb/v7e-m+fp/hard/libc_nano.a(libc_a-init.o)
 .ARM.attributes
                0x00000147       0x22 /home/peng/st/stm32cubeide_1.18.0/plugins/com.st.stm32cube.ide.mcu.externaltools.gnu-tools-for-stm32.13.3.rel1.linux64_1.0.0.202410170706/tools/bin/../lib/gcc/arm-none-eabi/13.3.1/thumb/v7e-m+fp/hard/crtn.o
OUTPUT(morse-code-converter.elf elf32-littlearm)
LOAD linker stubs
LOAD /home/peng/st/stm32cubeide_1.18.0/plugins/com.st.stm32cube.ide.mcu.externaltools.gnu-tools-for-stm32.13.3.rel1.linux64_1.0.0.202410170706/tools/bin/../lib/gcc/arm-none-eabi/13.3.1/../../../../arm-none-eabi/lib/thumb/v7e-m+fp/hard/libc.a
LOAD /home/peng/st/stm32cubeide_1.18.0/plugins/com.st.stm32cube.ide.mcu.externaltools.gnu-tools-for-stm32.13.3.rel1.linux64_1.0.0.202410170706/tools/bin/../lib/gcc/arm-none-eabi/13.3.1/../../../../arm-none-eabi/lib/thumb/v7e-m+fp/hard/libm.a
LOAD /home/peng/st/stm32cubeide_1.18.0/plugins/com.st.stm32cube.ide.mcu.externaltools.gnu-tools-for-stm32.13.3.rel1.linux64_1.0.0.202410170706/tools/bin/../lib/gcc/arm-none-eabi/13.3.1/thumb/v7e-m+fp/hard/libgcc.a

.debug_info     0x00000000     0x121f
 .debug_info    0x00000000      0x568 ./Src/main.o
 .debug_info    0x00000568      0x668 ./Src/stm32f429i_gpio_driver.o
 .debug_info    0x00000bd0      0x61f ./Src/stm32f429i_timer_driver.o
 .debug_info    0x000011ef       0x30 ./Startup/startup_stm32f429zitx.o

.debug_abbrev   0x00000000      0x3fe
 .debug_abbrev  0x00000000      0x150 ./Src/main.o
 .debug_abbrev  0x00000150      0x13a ./Src/stm32f429i_gpio_driver.o
 .debug_abbrev  0x0000028a      0x150 ./Src/stm32f429i_timer_driver.o
 .debug_abbrev  0x000003da       0x24 ./Startup/startup_stm32f429zitx.o

.debug_aranges  0x00000000      0x118
 .debug_aranges
                0x00000000       0x38 ./Src/main.o
 .debug_aranges
                0x00000038       0x58 ./Src/stm32f429i_gpio_driver.o
 .debug_aranges
                0x00000090       0x60 ./Src/stm32f429i_timer_driver.o
 .debug_aranges
                0x000000f0       0x28 ./Startup/startup_stm32f429zitx.o

.debug_rnglists
                0x00000000       0xc5
 .debug_rnglists
                0x00000000       0x27 ./Src/main.o
 .debug_rnglists
                0x00000027       0x41 ./Src/stm32f429i_gpio_driver.o
 .debug_rnglists
                0x00000068       0x44 ./Src/stm32f429i_timer_driver.o
 .debug_rnglists
                0x000000ac       0x19 ./Startup/startup_stm32f429zitx.o

.debug_macro    0x00000000     0x17c1
 .debug_macro   0x00000000       0x7e ./Src/main.o
 .debug_macro   0x0000007e      0xae4 ./Src/main.o
 .debug_macro   0x00000b62       0x22 ./Src/main.o
 .debug_macro   0x00000b84       0x8e ./Src/main.o
 .debug_macro   0x00000c12       0x51 ./Src/main.o
 .debug_macro   0x00000c63      0x103 ./Src/main.o
 .debug_macro   0x00000d66       0x6a ./Src/main.o
 .debug_macro   0x00000dd0      0x1df ./Src/main.o
 .debug_macro   0x00000faf      0x2d3 ./Src/main.o
 .debug_macro   0x00001282      0x112 ./Src/main.o
 .debug_macro   0x00001394       0x6a ./Src/main.o
 .debug_macro   0x000013fe       0x7b ./Src/stm32f429i_gpio_driver.o
 .debug_macro   0x00001479      0x2cd ./Src/stm32f429i_gpio_driver.o
 .debug_macro   0x00001746       0x7b ./Src/stm32f429i_timer_driver.o

.debug_line     0x00000000     0x13d7
 .debug_line    0x00000000      0x49c ./Src/main.o
 .debug_line    0x0000049c      0x999 ./Src/stm32f429i_gpio_driver.o
 .debug_line    0x00000e35      0x527 ./Src/stm32f429i_timer_driver.o
 .debug_line    0x0000135c       0x7b ./Startup/startup_stm32f429zitx.o

.debug_str      0x00000000     0x57d0
 .debug_str     0x00000000     0x57d0 ./Src/main.o
                               0x5663 (size before relaxing)
 .debug_str     0x000057d0     0x558d ./Src/stm32f429i_gpio_driver.o
 .debug_str     0x000057d0     0x52b3 ./Src/stm32f429i_timer_driver.o
 .debug_str     0x000057d0       0x61 ./Startup/startup_stm32f429zitx.o

.comment        0x00000000       0x43
 .comment       0x00000000       0x43 ./Src/main.o
                                 0x44 (size before relaxing)
 .comment       0x00000043       0x44 ./Src/stm32f429i_gpio_driver.o
 .comment       0x00000043       0x44 ./Src/stm32f429i_timer_driver.o

.debug_frame    0x00000000      0x384
 .debug_frame   0x00000000       0x94 ./Src/main.o
 .debug_frame   0x00000094      0x150 ./Src/stm32f429i_gpio_driver.o
 .debug_frame   0x000001e4      0x174 ./Src/stm32f429i_timer_driver.o
 .debug_frame   0x00000358       0x2c /home/peng/st/stm32cubeide_1.18.0/plugins/com.st.stm32cube.ide.mcu.externaltools.gnu-tools-for-stm32.13.3.rel1.linux64_1.0.0.202410170706/tools/bin/../lib/gcc/arm-none-eabi/13.3.1/../../../../arm-none-eabi/lib/thumb/v7e-m+fp/hard/libc_nano.a(libc_a-init.o)

.debug_line_str
                0x00000000       0x45
 .debug_line_str
                0x00000000       0x45 ./Startup/startup_stm32f429zitx.o
