Archive member included to satisfy reference by file (symbol)

/home/peng/st/stm32cubeide_1.18.0/plugins/com.st.stm32cube.ide.mcu.externaltools.gnu-tools-for-stm32.13.3.rel1.linux64_1.0.0.202410170706/tools/bin/../lib/gcc/arm-none-eabi/13.3.1/../../../../arm-none-eabi/lib/thumb/v7e-m+fp/hard/libc_nano.a(libc_a-exit.o)
                              /home/peng/st/stm32cubeide_1.18.0/plugins/com.st.stm32cube.ide.mcu.externaltools.gnu-tools-for-stm32.13.3.rel1.linux64_1.0.0.202410170706/tools/bin/../lib/gcc/arm-none-eabi/13.3.1/../../../../arm-none-eabi/lib/thumb/v7e-m+fp/hard/crt0.o (exit)
/home/peng/st/stm32cubeide_1.18.0/plugins/com.st.stm32cube.ide.mcu.externaltools.gnu-tools-for-stm32.13.3.rel1.linux64_1.0.0.202410170706/tools/bin/../lib/gcc/arm-none-eabi/13.3.1/../../../../arm-none-eabi/lib/thumb/v7e-m+fp/hard/libc_nano.a(libc_a-malloc.o)
                              ./Src/morse.o (malloc)
/home/peng/st/stm32cubeide_1.18.0/plugins/com.st.stm32cube.ide.mcu.externaltools.gnu-tools-for-stm32.13.3.rel1.linux64_1.0.0.202410170706/tools/bin/../lib/gcc/arm-none-eabi/13.3.1/../../../../arm-none-eabi/lib/thumb/v7e-m+fp/hard/libc_nano.a(libc_a-mallocr.o)
                              /home/peng/st/stm32cubeide_1.18.0/plugins/com.st.stm32cube.ide.mcu.externaltools.gnu-tools-for-stm32.13.3.rel1.linux64_1.0.0.202410170706/tools/bin/../lib/gcc/arm-none-eabi/13.3.1/../../../../arm-none-eabi/lib/thumb/v7e-m+fp/hard/libc_nano.a(libc_a-malloc.o) (_malloc_r)
/home/peng/st/stm32cubeide_1.18.0/plugins/com.st.stm32cube.ide.mcu.externaltools.gnu-tools-for-stm32.13.3.rel1.linux64_1.0.0.202410170706/tools/bin/../lib/gcc/arm-none-eabi/13.3.1/../../../../arm-none-eabi/lib/thumb/v7e-m+fp/hard/libc_nano.a(libc_a-mlock.o)
                              /home/peng/st/stm32cubeide_1.18.0/plugins/com.st.stm32cube.ide.mcu.externaltools.gnu-tools-for-stm32.13.3.rel1.linux64_1.0.0.202410170706/tools/bin/../lib/gcc/arm-none-eabi/13.3.1/../../../../arm-none-eabi/lib/thumb/v7e-m+fp/hard/libc_nano.a(libc_a-mallocr.o) (__malloc_lock)
/home/peng/st/stm32cubeide_1.18.0/plugins/com.st.stm32cube.ide.mcu.externaltools.gnu-tools-for-stm32.13.3.rel1.linux64_1.0.0.202410170706/tools/bin/../lib/gcc/arm-none-eabi/13.3.1/../../../../arm-none-eabi/lib/thumb/v7e-m+fp/hard/libc_nano.a(libc_a-findfp.o)
                              /home/peng/st/stm32cubeide_1.18.0/plugins/com.st.stm32cube.ide.mcu.externaltools.gnu-tools-for-stm32.13.3.rel1.linux64_1.0.0.202410170706/tools/bin/../lib/gcc/arm-none-eabi/13.3.1/../../../../arm-none-eabi/lib/thumb/v7e-m+fp/hard/libc_nano.a(libc_a-exit.o) (__stdio_exit_handler)
/home/peng/st/stm32cubeide_1.18.0/plugins/com.st.stm32cube.ide.mcu.externaltools.gnu-tools-for-stm32.13.3.rel1.linux64_1.0.0.202410170706/tools/bin/../lib/gcc/arm-none-eabi/13.3.1/../../../../arm-none-eabi/lib/thumb/v7e-m+fp/hard/libc_nano.a(libc_a-fwalk.o)
                              /home/peng/st/stm32cubeide_1.18.0/plugins/com.st.stm32cube.ide.mcu.externaltools.gnu-tools-for-stm32.13.3.rel1.linux64_1.0.0.202410170706/tools/bin/../lib/gcc/arm-none-eabi/13.3.1/../../../../arm-none-eabi/lib/thumb/v7e-m+fp/hard/libc_nano.a(libc_a-findfp.o) (_fwalk_sglue)
/home/peng/st/stm32cubeide_1.18.0/plugins/com.st.stm32cube.ide.mcu.externaltools.gnu-tools-for-stm32.13.3.rel1.linux64_1.0.0.202410170706/tools/bin/../lib/gcc/arm-none-eabi/13.3.1/../../../../arm-none-eabi/lib/thumb/v7e-m+fp/hard/libc_nano.a(libc_a-stdio.o)
                              /home/peng/st/stm32cubeide_1.18.0/plugins/com.st.stm32cube.ide.mcu.externaltools.gnu-tools-for-stm32.13.3.rel1.linux64_1.0.0.202410170706/tools/bin/../lib/gcc/arm-none-eabi/13.3.1/../../../../arm-none-eabi/lib/thumb/v7e-m+fp/hard/libc_nano.a(libc_a-findfp.o) (__sread)
/home/peng/st/stm32cubeide_1.18.0/plugins/com.st.stm32cube.ide.mcu.externaltools.gnu-tools-for-stm32.13.3.rel1.linux64_1.0.0.202410170706/tools/bin/../lib/gcc/arm-none-eabi/13.3.1/../../../../arm-none-eabi/lib/thumb/v7e-m+fp/hard/libc_nano.a(libc_a-memset.o)
                              /home/peng/st/stm32cubeide_1.18.0/plugins/com.st.stm32cube.ide.mcu.externaltools.gnu-tools-for-stm32.13.3.rel1.linux64_1.0.0.202410170706/tools/bin/../lib/gcc/arm-none-eabi/13.3.1/../../../../arm-none-eabi/lib/thumb/v7e-m+fp/hard/crt0.o (memset)
/home/peng/st/stm32cubeide_1.18.0/plugins/com.st.stm32cube.ide.mcu.externaltools.gnu-tools-for-stm32.13.3.rel1.linux64_1.0.0.202410170706/tools/bin/../lib/gcc/arm-none-eabi/13.3.1/../../../../arm-none-eabi/lib/thumb/v7e-m+fp/hard/libc_nano.a(libc_a-closer.o)
                              /home/peng/st/stm32cubeide_1.18.0/plugins/com.st.stm32cube.ide.mcu.externaltools.gnu-tools-for-stm32.13.3.rel1.linux64_1.0.0.202410170706/tools/bin/../lib/gcc/arm-none-eabi/13.3.1/../../../../arm-none-eabi/lib/thumb/v7e-m+fp/hard/libc_nano.a(libc_a-stdio.o) (_close_r)
[...]
Memory Configuration

Name             Origin             Length             Attributes
CCMRAM           0x10000000         0x00010000         xrw
RAM              0x20000000         0x00030000         xrw
FLASH            0x08000000         0x00200000         xr
*default*        0x00000000         0xffffffff

Linker script and memory map

LOAD /home/peng/st/stm32cubeide_1.18.0/plugins/com.st.stm32cube.ide.mcu.externaltools.gnu-tools-for-stm32.13.3.rel1.linux64_1.0.0.202410170706/tools/bin/../lib/gcc/arm-none-eabi/13.3.1/thumb/v7e-m+fp/hard/crti.o
LOAD /home/peng/st/stm32cubeide_1.18.0/plugins/com.st.stm32cube.ide.mcu.externaltools.gnu-tools-for-stm32.13.3.rel1.linux64_1.0.0.202410170706/tools/bin/../lib/gcc/arm-none-eabi/13.3.1/thumb/v7e-m+fp/hard/crtbegin.o
LOAD /home/peng/st/stm32cubeide_1.18.0/plugins/com.st.stm32cube.ide.mcu.externaltools.gnu-tools-for-stm32.13.3.rel1.linux64_1.0.0.202410170706/tools/bin/../lib/gcc/arm-none-eabi/13.3.1/../../../../arm-none-eabi/lib/thumb/v7e-m+fp/hard/crt0.o
LOAD ./Src/main.o
LOAD ./Src/morse.o
LOAD ./Src/stm32f429i_gpio_driver.o
LOAD ./Src/stm32f429i_i2c_driver.o
LOAD ./Src/stm32f429i_timer_driver.o
LOAD ./Src/syscall.o
LOAD ./Src/sysmem.o
LOAD ./Startup/startup_stm32f429zitx.o
START GROUP
LOAD /home/peng/st/stm32cubeide_1.18.0/plugins/com.st.stm32cube.ide.mcu.externaltools.gnu-tools-for-stm32.13.3.rel1.linux64_1.0.0.202410170706/tools/bin/../lib/gcc/arm-none-eabi/13.3.1/../../../../arm-none-eabi/lib/thumb/v7e-m+fp/hard/libc_nano.a
LOAD /home/peng/st/stm32cubeide_1.18.0/plugins/com.st.stm32cube.ide.mcu.externaltools.gnu-tools-for-stm32.13.3.rel1.linux64_1.0.0.202410170706/tools/bin/../lib/gcc/arm-none-eabi/13.3.1/../../../../arm-none-eabi/lib/thumb/v7e-m+fp/hard/libm.a
END GROUP
START GROUP
LOAD /home/peng/st/stm32cubeide_1.18.0/plugins/com.st.stm32cube.ide.mcu.externaltools.gnu-tools-for-stm32.13.3.rel1.linux64_1.0.0.202410170706/tools/bin/../lib/gcc/arm-none-eabi/13.3.1/thumb/v7e-m+fp/hard/libgcc.a
LOAD /home/peng/st/stm32cubeide_1.18.0/plugins/com.st.stm32cube.ide.mcu.externaltools.gnu-tools-for-stm32.13.3.rel1.linux64_1.0.0.202410170706/tools/bin/../lib/gcc/arm-none-eabi/13.3.1/../../../../arm-none-eabi/lib/thumb/v7e-m+fp/hard/libc_nano.a
END GROUP
START GROUP
LOAD /home/peng/st/stm32cubeide_1.18.0/plugins/com.st.stm32cube.ide.mcu.externaltools.gnu-tools-for-stm32.13.3.rel1.linux64_1.0.0.202410170706/tools/bin/../lib/gcc/arm-none-eabi/13.3.1/thumb/v7e-m+fp/hard/libgcc.a
LOAD /home/peng/st/stm32cubeide_1.18.0/plugins/com.st.stm32cube.ide.mcu.externaltools.gnu-tools-for-stm32.13.3.rel1.linux64_1.0.0.202410170706/tools/bin/../lib/gcc/arm-none-eabi/13.3.1/../../../../arm-none-eabi/lib/thumb/v7e-m+fp/hard/libc_nano.a
LOAD /home/peng/st/stm32cubeide_1.18.0/plugins/com.st.stm32cube.ide.mcu.externaltools.gnu-tools-for-stm32.13.3.rel1.linux64_1.0.0.202410170706/tools/bin/../lib/gcc/arm-none-eabi/13.3.1/../../../../arm-none-eabi/lib/thumb/v7e-m+fp/hard/libnosys.a
END GROUP
START GROUP
LOAD /home/peng/st/stm32cubeide_1.18.0/plugins/com.st.stm32cube.ide.mcu.externaltools.gnu-tools-for-stm32.13.3.rel1.linux64_1.0.0.202410170706/tools/bin/../lib/gcc/arm-none-eabi/13.3.1/thumb/v7e-m+fp/hard/libgcc.a
LOAD /home/peng/st/stm32cubeide_1.18.0/plugins/com.st.stm32cube.ide.mcu.externaltools.gnu-tools-for-stm32.13.3.rel1.linux64_1.0.0.202410170706/tools/bin/../lib/gcc/arm-none-eabi/13.3.1/../../../../arm-none-eabi/lib/thumb/v7e-m+fp/hard/libc_nano.a
LOAD /home/peng/st/stm32cubeide_1.18.0/plugins/com.st.stm32cube.ide.mcu.externaltools.gnu-tools-for-stm32.13.3.rel1.linux64_1.0.0.202410170706/tools/bin/../lib/gcc/arm-none-eabi/13.3.1/../../../../arm-none-eabi/lib/thumb/v7e-m+fp/hard/libnosys.a
END GROUP
LOAD /home/peng/st/stm32cubeide_1.18.0/plugins/com.st.stm32cube.ide.mcu.externaltools.gnu-tools-for-stm32.13.3.rel1.linux64_1.0.0.202410170706/tools/bin/../lib/gcc/arm-none-eabi/13.3.1/thumb/v7e-m+fp/hard/crtend.o
LOAD /home/peng/st/stm32cubeide_1.18.0/plugins/com.st.stm32cube.ide.mcu.externaltools.gnu-tools-for-stm32.13.3.rel1.linux64_1.0.0.202410170706/tools/bin/../lib/gcc/arm-none-eabi/13.3.1/thumb/v7e-m+fp/hard/crtn.o
                0x20030000                        _estack = (ORIGIN (RAM) + LENGTH (RAM))
                0x00000200                        _Min_Heap_Size = 0x200
                0x00000400                        _Min_Stack_Size = 0x400

.isr_vector     0x08000000      0x1ac
                0x08000000                        . = ALIGN (0x4)
 *(.isr_vector)
 .isr_vector    0x08000000      0x1ac ./Startup/startup_stm32f429zitx.o
                0x08000000                g_pfnVectors
                0x080001ac                        . = ALIGN (0x4)

.text           0x080001ac     0x12a4
                0x080001ac                        . = ALIGN (0x4)
 *(.text)
 .text          0x080001ac       0x40 /home/peng/st/stm32cubeide_1.18.0/plugins/com.st.stm32cube.ide.mcu.externaltools.gnu-tools-for-stm32.13.3.rel1.linux64_1.0.0.202410170706/tools/bin/../lib/gcc/arm-none-eabi/13.3.1/thumb/v7e-m+fp/hard/crtbegin.o
 *(.text*)
 .text.GPIO_InitConfig
                0x080001ec       0xa8 ./Src/main.o
                0x080001ec                GPIO_InitConfig
 .text.TIM_Config
                0x08000294      0x100 ./Src/main.o
                0x08000294                TIM_Config
 .text.Timer2_StartCountdown
                0x08000394       0x80 ./Src/main.o
                0x08000394                Timer2_StartCountdown
 .text.Timer3_StartCountdown
                0x08000414       0x6c ./Src/main.o
                0x08000414                Timer3_StartCountdown
 .text.Timer4_StartCountdown
                0x08000480       0x6c ./Src/main.o
                0x08000480                Timer4_StartCountdown
 .text.Timer2_Stop
                0x080004ec       0x48 ./Src/main.o
                0x080004ec                Timer2_Stop
 .text.Timer3_Stop
                0x08000534       0x40 ./Src/main.o
                0x08000534                Timer3_Stop
 .text.Timer4_Stop
                0x08000574       0x40 ./Src/main.o
                0x08000574                Timer4_Stop
 .text.EXTI0_IRQHandler
                0x080005b4       0xc8 ./Src/main.o
                0x080005b4                EXTI0_IRQHandler
 .text.TIM2_IRQHandler
                0x0800067c       0x48 ./Src/main.o
                0x0800067c                TIM2_IRQHandler
 .text.TIM3_IRQHandler
                0x080006c4       0x94 ./Src/main.o
                0x080006c4                TIM3_IRQHandler
 .text.TIM4_IRQHandler
                0x08000758       0x50 ./Src/main.o
                0x08000758                TIM4_IRQHandler
 .text.main     0x080007a8       0x44 ./Src/main.o
                0x080007a8                main
 .text.create_node
                0x080007ec       0x2c ./Src/morse.o
 .text.insert   0x08000818       0x88 ./Src/morse.o
 .text.morse_trie_init
                0x080008a0      0x1d4 ./Src/morse.o
                0x080008a0                morse_trie_init
 .text.morse_lookup
                0x08000a74       0x9c ./Src/morse.o
                0x08000a74                morse_lookup
 .text.GPIO_Init
                0x08000b10      0x3b0 ./Src/stm32f429i_gpio_driver.o
                0x08000b10                GPIO_Init
 .text.GPIO_IRQConfig
                0x08000ec0      0x10c ./Src/stm32f429i_gpio_driver.o
                0x08000ec0                GPIO_IRQConfig
 .text.GPIO_IRQPriorityConfig
                0x08000fcc       0x54 ./Src/stm32f429i_gpio_driver.o
                0x08000fcc                GPIO_IRQPriorityConfig
 .text.GPIO_IRQHandling
                0x08001020       0x40 ./Src/stm32f429i_gpio_driver.o
                0x08001020                GPIO_IRQHandling
 .text.I2C1_Init
                0x08001060       0xb0 ./Src/stm32f429i_i2c_driver.o
                0x08001060                I2C1_Init
 .text.I2C1_SendByte
                0x08001110       0x84 ./Src/stm32f429i_i2c_driver.o
                0x08001110                I2C1_SendByte
 .text._sbrk    0x08001194       0x6c ./Src/sysmem.o
                0x08001194                _sbrk
 .text.Reset_Handler
                0x08001200       0x50 ./Startup/startup_stm32f429zitx.o
                0x08001200                Reset_Handler
 .text.Default_Handler
                0x08001250        0x2 ./Startup/startup_stm32f429zitx.o
                0x08001250                RTC_Alarm_IRQHandler
                0x08001250                HASH_RNG_IRQHandler
                0x08001250                EXTI2_IRQHandler
                0x08001250                TIM8_CC_IRQHandler
                0x08001250                DebugMon_Handler
                0x08001250                UART8_IRQHandler
                0x08001250                SPI4_IRQHandler
                0x08001250                TIM1_CC_IRQHandler
                0x08001250                DMA2_Stream5_IRQHandler
                0x08001250                HardFault_Handler
                0x08001250                DMA1_Stream5_IRQHandler
                0x08001250                SysTick_Handler
                0x08001250                PVD_IRQHandler
                0x08001250                SDIO_IRQHandler
                0x08001250                TAMP_STAMP_IRQHandler
                0x08001250                PendSV_Handler
                0x08001250                NMI_Handler
                0x08001250                CAN2_RX1_IRQHandler
                0x08001250                EXTI3_IRQHandler
                0x08001250                TIM8_TRG_COM_TIM14_IRQHandler
                0x08001250                TIM1_UP_TIM10_IRQHandler
                0x08001250                TIM8_UP_TIM13_IRQHandler
                0x08001250                I2C3_ER_IRQHandler
                0x08001250                LCD_TFT_IRQHandler
                0x08001250                I2C2_EV_IRQHandler
                0x08001250                DMA1_Stream2_IRQHandler
                0x08001250                CAN1_RX0_IRQHandler
                0x08001250                FPU_IRQHandler
                0x08001250                OTG_HS_WKUP_IRQHandler
                0x08001250                UsageFault_Handler
                0x08001250                CAN2_SCE_IRQHandler
                0x08001250                DMA2_Stream2_IRQHandler
                0x08001250                SPI1_IRQHandler
                0x08001250                TIM6_DAC_IRQHandler
                0x08001250                TIM1_BRK_TIM9_IRQHandler
                0x08001250                DCMI_IRQHandler
                0x08001250                CAN2_RX0_IRQHandler
                0x08001250                DMA2_Stream3_IRQHandler
                0x08001250                USART6_IRQHandler
                0x08001250                USART3_IRQHandler
                0x08001250                CRYP_IRQHandler
                0x08001250                CAN1_RX1_IRQHandler
                0x08001250                UART5_IRQHandler
                0x08001250                DMA2_Stream0_IRQHandler
                0x08001250                I2C1_EV_IRQHandler
                0x08001250                DMA1_Stream6_IRQHandler
                0x08001250                DMA1_Stream1_IRQHandler
                0x08001250                UART4_IRQHandler
                0x08001250                LCD_TFT_1_IRQHandler
                0x08001250                RCC_IRQHandler
                0x08001250                TIM8_BRK_TIM12_IRQHandler
                0x08001250                Default_Handler
                0x08001250                EXTI15_10_IRQHandler
                0x08001250                ADC_IRQHandler
                0x08001250                DMA1_Stream7_IRQHandler
                0x08001250                SPI5_IRQHandler
                0x08001250                TIM7_IRQHandler
                0x08001250                CAN2_TX_IRQHandler
                0x08001250                TIM5_IRQHandler
                0x08001250                DMA2_Stream7_IRQHandler
                0x08001250                I2C3_EV_IRQHandler
                0x08001250                EXTI9_5_IRQHandler
                0x08001250                RTC_WKUP_IRQHandler
                0x08001250                ETH_WKUP_IRQHandler
                0x08001250                SPI2_IRQHandler
                0x08001250                OTG_HS_EP1_IN_IRQHandler
                0x08001250                MemManage_Handler
                0x08001250                DMA1_Stream0_IRQHandler
                0x08001250                CAN1_TX_IRQHandler
                0x08001250                SVC_Handler
                0x08001250                EXTI4_IRQHandler
                0x08001250                ETH_IRQHandler
                0x08001250                OTG_HS_EP1_OUT_IRQHandler
                0x08001250                WWDG_IRQHandler
                0x08001250                SPI6_IRQHandler
                0x08001250                OTG_FS_WKUP_IRQHandler
                0x08001250                TIM1_TRG_COM_TIM11_IRQHandler
                0x08001250                OTG_HS_IRQHandler
                0x08001250                DMA2D_IRQHandler
                0x08001250                EXTI1_IRQHandler
                0x08001250                UART7_IRQHandler
                0x08001250                USART2_IRQHandler
                0x08001250                I2C2_ER_IRQHandler
                0x08001250                DMA2_Stream1_IRQHandler
                0x08001250                CAN1_SCE_IRQHandler
                0x08001250                FLASH_IRQHandler
                0x08001250                DMA2_Stream4_IRQHandler
                0x08001250                BusFault_Handler
                0x08001250                USART1_IRQHandler
                0x08001250                OTG_FS_IRQHandler
                0x08001250                SPI3_IRQHandler
                0x08001250                DMA1_Stream4_IRQHandler
                0x08001250                I2C1_ER_IRQHandler
                0x08001250                FMC_IRQHandler
                0x08001250                DMA2_Stream6_IRQHandler
                0x08001250                SAI1_IRQHandler
                0x08001250                DMA1_Stream3_IRQHandler
 *fill*         0x08001252        0x2 
 .text.malloc   0x08001254       0x10 /home/peng/st/stm32cubeide_1.18.0/plugins/com.st.stm32cube.ide.mcu.externaltools.gnu-tools-for-stm32.13.3.rel1.linux64_1.0.0.202410170706/tools/bin/../lib/gcc/arm-none-eabi/13.3.1/../../../../arm-none-eabi/lib/thumb/v7e-m+fp/hard/libc_nano.a(libc_a-malloc.o)
                0x08001254                malloc
 .text.sbrk_aligned
                0x08001264       0x44 /home/peng/st/stm32cubeide_1.18.0/plugins/com.st.stm32cube.ide.mcu.externaltools.gnu-tools-for-stm32.13.3.rel1.linux64_1.0.0.202410170706/tools/bin/../lib/gcc/arm-none-eabi/13.3.1/../../../../arm-none-eabi/lib/thumb/v7e-m+fp/hard/libc_nano.a(libc_a-mallocr.o)
 .text._malloc_r
                0x080012a8      0x100 /home/peng/st/stm32cubeide_1.18.0/plugins/com.st.stm32cube.ide.mcu.externaltools.gnu-tools-for-stm32.13.3.rel1.linux64_1.0.0.202410170706/tools/bin/../lib/gcc/arm-none-eabi/13.3.1/../../../../arm-none-eabi/lib/thumb/v7e-m+fp/hard/libc_nano.a(libc_a-mallocr.o)
                0x080012a8                _malloc_r
 .text.__malloc_lock
                0x080013a8        0xc /home/peng/st/stm32cubeide_1.18.0/plugins/com.st.stm32cube.ide.mcu.externaltools.gnu-tools-for-stm32.13.3.rel1.linux64_1.0.0.202410170706/tools/bin/../lib/gcc/arm-none-eabi/13.3.1/../../../../arm-none-eabi/lib/thumb/v7e-m+fp/hard/libc_nano.a(libc_a-mlock.o)
                0x080013a8                __malloc_lock
 .text.__malloc_unlock
                0x080013b4        0xc /home/peng/st/stm32cubeide_1.18.0/plugins/com.st.stm32cube.ide.mcu.externaltools.gnu-tools-for-stm32.13.3.rel1.linux64_1.0.0.202410170706/tools/bin/../lib/gcc/arm-none-eabi/13.3.1/../../../../arm-none-eabi/lib/thumb/v7e-m+fp/hard/libc_nano.a(libc_a-mlock.o)
                0x080013b4                __malloc_unlock
 .text._sbrk_r  0x080013c0       0x20 /home/peng/st/stm32cubeide_1.18.0/plugins/com.st.stm32cube.ide.mcu.externaltools.gnu-tools-for-stm32.13.3.rel1.linux64_1.0.0.202410170706/tools/bin/../lib/gcc/arm-none-eabi/13.3.1/../../../../arm-none-eabi/lib/thumb/v7e-m+fp/hard/libc_nano.a(libc_a-sbrkr.o)
                0x080013c0                _sbrk_r
 .text.__errno  0x080013e0        0xc /home/peng/st/stm32cubeide_1.18.0/plugins/com.st.stm32cube.ide.mcu.externaltools.gnu-tools-for-stm32.13.3.rel1.linux64_1.0.0.202410170706/tools/bin/../lib/gcc/arm-none-eabi/13.3.1/../../../../arm-none-eabi/lib/thumb/v7e-m+fp/hard/libc_nano.a(libc_a-errno.o)
                0x080013e0                __errno
 .text.__libc_init_array
                0x080013ec       0x48 /home/peng/st/stm32cubeide_1.18.0/plugins/com.st.stm32cube.ide.mcu.externaltools.gnu-tools-for-stm32.13.3.rel1.linux64_1.0.0.202410170706/tools/bin/../lib/gcc/arm-none-eabi/13.3.1/../../../../arm-none-eabi/lib/thumb/v7e-m+fp/hard/libc_nano.a(libc_a-init.o)
                0x080013ec                __libc_init_array
 .text.__retarget_lock_acquire_recursive
                0x08001434        0x2 /home/peng/st/stm32cubeide_1.18.0/plugins/com.st.stm32cube.ide.mcu.externaltools.gnu-tools-for-stm32.13.3.rel1.linux64_1.0.0.202410170706/tools/bin/../lib/gcc/arm-none-eabi/13.3.1/../../../../arm-none-eabi/lib/thumb/v7e-m+fp/hard/libc_nano.a(libc_a-lock.o)
                0x08001434                __retarget_lock_acquire_recursive
 .text.__retarget_lock_release_recursive
                0x08001436        0x2 /home/peng/st/stm32cubeide_1.18.0/plugins/com.st.stm32cube.ide.mcu.externaltools.gnu-tools-for-stm32.13.3.rel1.linux64_1.0.0.202410170706/tools/bin/../lib/gcc/arm-none-eabi/13.3.1/../../../../arm-none-eabi/lib/thumb/v7e-m+fp/hard/libc_nano.a(libc_a-lock.o)
                0x08001436                __retarget_lock_release_recursive
 *(.glue_7)
 .glue_7        0x08001438        0x0 linker stubs
 *(.glue_7t)
 .glue_7t       0x08001438        0x0 linker stubs
 *(.eh_frame)
 .eh_frame      0x08001438        0x0 /home/peng/st/stm32cubeide_1.18.0/plugins/com.st.stm32cube.ide.mcu.externaltools.gnu-tools-for-stm32.13.3.rel1.linux64_1.0.0.202410170706/tools/bin/../lib/gcc/arm-none-eabi/13.3.1/thumb/v7e-m+fp/hard/crtbegin.o
 *(.init)
 .init          0x08001438        0x4 /home/peng/st/stm32cubeide_1.18.0/plugins/com.st.stm32cube.ide.mcu.externaltools.gnu-tools-for-stm32.13.3.rel1.linux64_1.0.0.202410170706/tools/bin/../lib/gcc/arm-none-eabi/13.3.1/thumb/v7e-m+fp/hard/crti.o
                0x08001438                _init
 .init          0x0800143c        0x8 /home/peng/st/stm32cubeide_1.18.0/plugins/com.st.stm32cube.ide.mcu.externaltools.gnu-tools-for-stm32.13.3.rel1.linux64_1.0.0.202410170706/tools/bin/../lib/gcc/arm-none-eabi/13.3.1/thumb/v7e-m+fp/hard/crtn.o
 *(.fini)
 .fini          0x08001444        0x4 /home/peng/st/stm32cubeide_1.18.0/plugins/com.st.stm32cube.ide.mcu.externaltools.gnu-tools-for-stm32.13.3.rel1.linux64_1.0.0.202410170706/tools/bin/../lib/gcc/arm-none-eabi/13.3.1/thumb/v7e-m+fp/hard/crti.o
                0x08001444                _fini
 .fini          0x08001448        0x8 /home/peng/st/stm32cubeide_1.18.0/plugins/com.st.stm32cube.ide.mcu.externaltools.gnu-tools-for-stm32.13.3.rel1.linux64_1.0.0.202410170706/tools/bin/../lib/gcc/arm-none-eabi/13.3.1/thumb/v7e-m+fp/hard/crtn.o
                0x08001450                        . = ALIGN (0x4)
                0x08001450                        _etext = .

.vfp11_veneer   0x08001450        0x0
 .vfp11_veneer  0x08001450        0x0 linker stubs

.v4_bx          0x08001450        0x0
 .v4_bx         0x08001450        0x0 linker stubs

.iplt           0x08001450        0x0
 .iplt          0x08001450        0x0 /home/peng/st/stm32cubeide_1.18.0/plugins/com.st.stm32cube.ide.mcu.externaltools.gnu-tools-for-stm32.13.3.rel1.linux64_1.0.0.202410170706/tools/bin/../lib/gcc/arm-none-eabi/13.3.1/thumb/v7e-m+fp/hard/crtbegin.o

.rodata         0x08001450       0xec
                0x08001450                        . = ALIGN (0x4)
 *(.rodata)
 .rodata        0x08001450       0xea ./Src/morse.o
 *(.rodata*)
                0x0800153c                        . = ALIGN (0x4)
 *fill*         0x0800153a        0x2 

.ARM.extab      0x0800153c        0x0
                0x0800153c                        . = ALIGN (0x4)
 *(.ARM.extab* .gnu.linkonce.armextab.*)
                0x0800153c                        . = ALIGN (0x4)

.ARM            0x0800153c        0x0
                0x0800153c                        . = ALIGN (0x4)
                0x0800153c                        __exidx_start = .
 *(.ARM.exidx*)
                0x0800153c                        __exidx_end = .
                0x0800153c                        . = ALIGN (0x4)

.preinit_array  0x0800153c        0x0
                0x0800153c                        . = ALIGN (0x4)
                0x0800153c                        PROVIDE (__preinit_array_start = .)
 *(.preinit_array*)
                0x0800153c                        PROVIDE (__preinit_array_end = .)
                0x0800153c                        . = ALIGN (0x4)

.init_array     0x0800153c        0x4
                0x0800153c                        . = ALIGN (0x4)
                0x0800153c                        PROVIDE (__init_array_start = .)
 *(SORT_BY_NAME(.init_array.*))
 *(.init_array*)
 .init_array    0x0800153c        0x4 /home/peng/st/stm32cubeide_1.18.0/plugins/com.st.stm32cube.ide.mcu.externaltools.gnu-tools-for-stm32.13.3.rel1.linux64_1.0.0.202410170706/tools/bin/../lib/gcc/arm-none-eabi/13.3.1/thumb/v7e-m+fp/hard/crtbegin.o
                0x08001540                        PROVIDE (__init_array_end = .)
                0x08001540                        . = ALIGN (0x4)

.fini_array     0x08001540        0x4
                0x08001540                        . = ALIGN (0x4)
                [!provide]                        PROVIDE (__fini_array_start = .)
 *(SORT_BY_NAME(.fini_array.*))
 *(.fini_array*)
 .fini_array    0x08001540        0x4 /home/peng/st/stm32cubeide_1.18.0/plugins/com.st.stm32cube.ide.mcu.externaltools.gnu-tools-for-stm32.13.3.rel1.linux64_1.0.0.202410170706/tools/bin/../lib/gcc/arm-none-eabi/13.3.1/thumb/v7e-m+fp/hard/crtbegin.o
                [!provide]                        PROVIDE (__fini_array_end = .)
                0x08001544                        . = ALIGN (0x4)
                0x08001544                        _sidata = LOADADDR (.data)

.rel.dyn        0x08001544        0x0
 .rel.iplt      0x08001544        0x0 /home/peng/st/stm32cubeide_1.18.0/plugins/com.st.stm32cube.ide.mcu.externaltools.gnu-tools-for-stm32.13.3.rel1.linux64_1.0.0.202410170706/tools/bin/../lib/gcc/arm-none-eabi/13.3.1/thumb/v7e-m+fp/hard/crtbegin.o

.data           0x20000000       0x50 load address 0x08001544
                0x20000000                        . = ALIGN (0x4)
                0x20000000                        _sdata = .
 *(.data)
 *(.data*)
 .data._impure_ptr
                0x20000000        0x4 /home/peng/st/stm32cubeide_1.18.0/plugins/com.st.stm32cube.ide.mcu.externaltools.gnu-tools-for-stm32.13.3.rel1.linux64_1.0.0.202410170706/tools/bin/../lib/gcc/arm-none-eabi/13.3.1/../../../../arm-none-eabi/lib/thumb/v7e-m+fp/hard/libc_nano.a(libc_a-impure.o)
                0x20000000                _impure_ptr
 .data._impure_data
                0x20000004       0x4c /home/peng/st/stm32cubeide_1.18.0/plugins/com.st.stm32cube.ide.mcu.externaltools.gnu-tools-for-stm32.13.3.rel1.linux64_1.0.0.202410170706/tools/bin/../lib/gcc/arm-none-eabi/13.3.1/../../../../arm-none-eabi/lib/thumb/v7e-m+fp/hard/libc_nano.a(libc_a-impure.o)
                0x20000004                _impure_data
 *(.RamFunc)
 *(.RamFunc*)
                0x20000050                        . = ALIGN (0x4)
                0x20000050                        _edata = .
                0x08001594                        _siccmram = LOADADDR (.ccmram)

.igot.plt       0x20000050        0x0 load address 0x08001594
 .igot.plt      0x20000050        0x0 /home/peng/st/stm32cubeide_1.18.0/plugins/com.st.stm32cube.ide.mcu.externaltools.gnu-tools-for-stm32.13.3.rel1.linux64_1.0.0.202410170706/tools/bin/../lib/gcc/arm-none-eabi/13.3.1/thumb/v7e-m+fp/hard/crtbegin.o

.ccmram         0x10000000        0x0 load address 0x08001594
                0x10000000                        . = ALIGN (0x4)
                0x10000000                        _sccmram = .
 *(.ccmram)
 *(.ccmram*)
                0x10000000                        . = ALIGN (0x4)
                0x10000000                        _eccmram = .
                0x10000000                        . = ALIGN (0x4)

.bss            0x20000050      0x178
                0x20000050                        _sbss = .
                0x20000050                        __bss_start__ = _sbss
 *(.bss)
 .bss           0x20000050       0x1c /home/peng/st/stm32cubeide_1.18.0/plugins/com.st.stm32cube.ide.mcu.externaltools.gnu-tools-for-stm32.13.3.rel1.linux64_1.0.0.202410170706/tools/bin/../lib/gcc/arm-none-eabi/13.3.1/thumb/v7e-m+fp/hard/crtbegin.o
 *(.bss*)
 .bss.morse_input
                0x2000006c        0x6 ./Src/main.o
                0x2000006c                morse_input
 *fill*         0x20000072        0x2 
 .bss.morse_index
                0x20000074        0x4 ./Src/main.o
                0x20000074                morse_index
 .bss.root      0x20000078        0x4 ./Src/morse.o
 .bss.__sbrk_heap_end
                0x2000007c        0x4 ./Src/sysmem.o
 .bss.__malloc_sbrk_start
                0x20000080        0x4 /home/peng/st/stm32cubeide_1.18.0/plugins/com.st.stm32cube.ide.mcu.externaltools.gnu-tools-for-stm32.13.3.rel1.linux64_1.0.0.202410170706/tools/bin/../lib/gcc/arm-none-eabi/13.3.1/../../../../arm-none-eabi/lib/thumb/v7e-m+fp/hard/libc_nano.a(libc_a-mallocr.o)
                0x20000080                __malloc_sbrk_start
 .bss.__malloc_free_list
                0x20000084        0x4 /home/peng/st/stm32cubeide_1.18.0/plugins/com.st.stm32cube.ide.mcu.externaltools.gnu-tools-for-stm32.13.3.rel1.linux64_1.0.0.202410170706/tools/bin/../lib/gcc/arm-none-eabi/13.3.1/../../../../arm-none-eabi/lib/thumb/v7e-m+fp/hard/libc_nano.a(libc_a-mallocr.o)
                0x20000084                __malloc_free_list
 .bss.__sf      0x20000088      0x138 /home/peng/st/stm32cubeide_1.18.0/plugins/com.st.stm32cube.ide.mcu.externaltools.gnu-tools-for-stm32.13.3.rel1.linux64_1.0.0.202410170706/tools/bin/../lib/gcc/arm-none-eabi/13.3.1/../../../../arm-none-eabi/lib/thumb/v7e-m+fp/hard/libc_nano.a(libc_a-findfp.o)
                0x20000088                __sf
 .bss.errno     0x200001c0        0x4 /home/peng/st/stm32cubeide_1.18.0/plugins/com.st.stm32cube.ide.mcu.externaltools.gnu-tools-for-stm32.13.3.rel1.linux64_1.0.0.202410170706/tools/bin/../lib/gcc/arm-none-eabi/13.3.1/../../../../arm-none-eabi/lib/thumb/v7e-m+fp/hard/libc_nano.a(libc_a-reent.o)
                0x200001c0                errno
 .bss.__lock___malloc_recursive_mutex
                0x200001c4        0x1 /home/peng/st/stm32cubeide_1.18.0/plugins/com.st.stm32cube.ide.mcu.externaltools.gnu-tools-for-stm32.13.3.rel1.linux64_1.0.0.202410170706/tools/bin/../lib/gcc/arm-none-eabi/13.3.1/../../../../arm-none-eabi/lib/thumb/v7e-m+fp/hard/libc_nano.a(libc_a-lock.o)
                0x200001c4                __lock___malloc_recursive_mutex
 *(COMMON)
                0x200001c8                        . = ALIGN (0x4)
 *fill*         0x200001c5        0x3 
                0x200001c8                        _ebss = .
                0x200001c8                        __bss_end__ = _ebss

._user_heap_stack
                0x200001c8      0x600
                0x200001c8                        . = ALIGN (0x8)
                [!provide]                        PROVIDE (end = .)
                0x200001c8                        PROVIDE (_end = .)
                0x200003c8                        . = (. + _Min_Heap_Size)
 *fill*         0x200001c8      0x200 
                0x200007c8                        . = (. + _Min_Stack_Size)
 *fill*         0x200003c8      0x400 
                0x200007c8                        . = ALIGN (0x8)

/DISCARD/
 libc.a(*)
 libm.a(*)
 libgcc.a(*)

.ARM.attributes
                0x00000000       0x30
 *(.ARM.attributes)
 .ARM.attributes
                0x00000000       0x22 /home/peng/st/stm32cubeide_1.18.0/plugins/com.st.stm32cube.ide.mcu.externaltools.gnu-tools-for-stm32.13.3.rel1.linux64_1.0.0.202410170706/tools/bin/../lib/gcc/arm-none-eabi/13.3.1/thumb/v7e-m+fp/hard/crti.o
 .ARM.attributes
                0x00000022       0x34 /home/peng/st/stm32cubeide_1.18.0/plugins/com.st.stm32cube.ide.mcu.externaltools.gnu-tools-for-stm32.13.3.rel1.linux64_1.0.0.202410170706/tools/bin/../lib/gcc/arm-none-eabi/13.3.1/thumb/v7e-m+fp/hard/crtbegin.o
 .ARM.attributes
                0x00000056       0x34 ./Src/main.o
 .ARM.attributes
                0x0000008a       0x34 ./Src/morse.o
 .ARM.attributes
                0x000000be       0x34 ./Src/stm32f429i_gpio_driver.o
 .ARM.attributes
                0x000000f2       0x34 ./Src/stm32f429i_i2c_driver.o
 .ARM.attributes
                0x00000126       0x34 ./Src/sysmem.o
 .ARM.attributes
                0x0000015a       0x21 ./Startup/startup_stm32f429zitx.o
 .ARM.attributes
                0x0000017b       0x34 /home/peng/st/stm32cubeide_1.18.0/plugins/com.st.stm32cube.ide.mcu.externaltools.gnu-tools-for-stm32.13.3.rel1.linux64_1.0.0.202410170706/tools/bin/../lib/gcc/arm-none-eabi/13.3.1/../../../../arm-none-eabi/lib/thumb/v7e-m+fp/hard/libc_nano.a(libc_a-malloc.o)
 .ARM.attributes
                0x000001af       0x34 /home/peng/st/stm32cubeide_1.18.0/plugins/com.st.stm32cube.ide.mcu.externaltools.gnu-tools-for-stm32.13.3.rel1.linux64_1.0.0.202410170706/tools/bin/../lib/gcc/arm-none-eabi/13.3.1/../../../../arm-none-eabi/lib/thumb/v7e-m+fp/hard/libc_nano.a(libc_a-mallocr.o)
 .ARM.attributes
                0x000001e3       0x34 /home/peng/st/stm32cubeide_1.18.0/plugins/com.st.stm32cube.ide.mcu.externaltools.gnu-tools-for-stm32.13.3.rel1.linux64_1.0.0.202410170706/tools/bin/../lib/gcc/arm-none-eabi/13.3.1/../../../../arm-none-eabi/lib/thumb/v7e-m+fp/hard/libc_nano.a(libc_a-mlock.o)
 .ARM.attributes
                0x00000217       0x34 /home/peng/st/stm32cubeide_1.18.0/plugins/com.st.stm32cube.ide.mcu.externaltools.gnu-tools-for-stm32.13.3.rel1.linux64_1.0.0.202410170706/tools/bin/../lib/gcc/arm-none-eabi/13.3.1/../../../../arm-none-eabi/lib/thumb/v7e-m+fp/hard/libc_nano.a(libc_a-findfp.o)
 .ARM.attributes
                0x0000024b       0x34 /home/peng/st/stm32cubeide_1.18.0/plugins/com.st.stm32cube.ide.mcu.externaltools.gnu-tools-for-stm32.13.3.rel1.linux64_1.0.0.202410170706/tools/bin/../lib/gcc/arm-none-eabi/13.3.1/../../../../arm-none-eabi/lib/thumb/v7e-m+fp/hard/libc_nano.a(libc_a-reent.o)
 .ARM.attributes
                0x0000027f       0x34 /home/peng/st/stm32cubeide_1.18.0/plugins/com.st.stm32cube.ide.mcu.externaltools.gnu-tools-for-stm32.13.3.rel1.linux64_1.0.0.202410170706/tools/bin/../lib/gcc/arm-none-eabi/13.3.1/../../../../arm-none-eabi/lib/thumb/v7e-m+fp/hard/libc_nano.a(libc_a-impure.o)
 .ARM.attributes
                0x000002b3       0x34 /home/peng/st/stm32cubeide_1.18.0/plugins/com.st.stm32cube.ide.mcu.externaltools.gnu-tools-for-stm32.13.3.rel1.linux64_1.0.0.202410170706/tools/bin/../lib/gcc/arm-none-eabi/13.3.1/../../../../arm-none-eabi/lib/thumb/v7e-m+fp/hard/libc_nano.a(libc_a-sbrkr.o)
 .ARM.attributes
                0x000002e7       0x34 /home/peng/st/stm32cubeide_1.18.0/plugins/com.st.stm32cube.ide.mcu.externaltools.gnu-tools-for-stm32.13.3.rel1.linux64_1.0.0.202410170706/tools/bin/../lib/gcc/arm-none-eabi/13.3.1/../../../../arm-none-eabi/lib/thumb/v7e-m+fp/hard/libc_nano.a(libc_a-errno.o)
 .ARM.attributes
                0x0000031b       0x34 /home/peng/st/stm32cubeide_1.18.0/plugins/com.st.stm32cube.ide.mcu.externaltools.gnu-tools-for-stm32.13.3.rel1.linux64_1.0.0.202410170706/tools/bin/../lib/gcc/arm-none-eabi/13.3.1/../../../../arm-none-eabi/lib/thumb/v7e-m+fp/hard/libc_nano.a(libc_a-init.o)
 .ARM.attributes
                0x0000034f       0x34 /home/peng/st/stm32cubeide_1.18.0/plugins/com.st.stm32cube.ide.mcu.externaltools.gnu-tools-for-stm32.13.3.rel1.linux64_1.0.0.202410170706/tools/bin/../lib/gcc/arm-none-eabi/13.3.1/../../../../arm-none-eabi/lib/thumb/v7e-m+fp/hard/libc_nano.a(libc_a-lock.o)
 .ARM.attributes
                0x00000383       0x22 /home/peng/st/stm32cubeide_1.18.0/plugins/com.st.stm32cube.ide.mcu.externaltools.gnu-tools-for-stm32.13.3.rel1.linux64_1.0.0.202410170706/tools/bin/../lib/gcc/arm-none-eabi/13.3.1/thumb/v7e-m+fp/hard/crtn.o
OUTPUT(morse-code-converter.elf elf32-littlearm)
LOAD linker stubs
LOAD /home/peng/st/stm32cubeide_1.18.0/plugins/com.st.stm32cube.ide.mcu.externaltools.gnu-tools-for-stm32.13.3.rel1.linux64_1.0.0.202410170706/tools/bin/../lib/gcc/arm-none-eabi/13.3.1/../../../../arm-none-eabi/lib/thumb/v7e-m+fp/hard/libc.a
LOAD /home/peng/st/stm32cubeide_1.18.0/plugins/com.st.stm32cube.ide.mcu.externaltools.gnu-tools-for-stm32.13.3.rel1.linux64_1.0.0.202410170706/tools/bin/../lib/gcc/arm-none-eabi/13.3.1/../../../../arm-none-eabi/lib/thumb/v7e-m+fp/hard/libm.a
LOAD /home/peng/st/stm32cubeide_1.18.0/plugins/com.st.stm32cube.ide.mcu.externaltools.gnu-tools-for-stm32.13.3.rel1.linux64_1.0.0.202410170706/tools/bin/../lib/gcc/arm-none-eabi/13.3.1/thumb/v7e-m+fp/hard/libgcc.a

.debug_info     0x00000000     0x1677
 .debug_info    0x00000000      0x883 ./Src/main.o
 .debug_info    0x00000883      0x1e0 ./Src/morse.o
 .debug_info    0x00000a63      0x6ab ./Src/stm32f429i_gpio_driver.o
 .debug_info    0x0000110e      0x3d1 ./Src/stm32f429i_i2c_driver.o
 .debug_info    0x000014df      0x168 ./Src/sysmem.o
 .debug_info    0x00001647       0x30 ./Startup/startup_stm32f429zitx.o

.debug_abbrev   0x00000000      0x62f
 .debug_abbrev  0x00000000      0x1e5 ./Src/main.o
 .debug_abbrev  0x000001e5      0x14d ./Src/morse.o
 .debug_abbrev  0x00000332      0x14f ./Src/stm32f429i_gpio_driver.o
 .debug_abbrev  0x00000481       0xce ./Src/stm32f429i_i2c_driver.o
 .debug_abbrev  0x0000054f       0xbc ./Src/sysmem.o
 .debug_abbrev  0x0000060b       0x24 ./Startup/startup_stm32f429zitx.o

.debug_aranges  0x00000000      0x188
 .debug_aranges
                0x00000000       0x80 ./Src/main.o
 .debug_aranges
                0x00000080       0x38 ./Src/morse.o
 .debug_aranges
                0x000000b8       0x60 ./Src/stm32f429i_gpio_driver.o
 .debug_aranges
                0x00000118       0x28 ./Src/stm32f429i_i2c_driver.o
 .debug_aranges
                0x00000140       0x20 ./Src/sysmem.o
 .debug_aranges
                0x00000160       0x28 ./Startup/startup_stm32f429zitx.o

.debug_rnglists
                0x00000000      0x116
 .debug_rnglists
                0x00000000       0x60 ./Src/main.o
 .debug_rnglists
                0x00000060       0x28 ./Src/morse.o
 .debug_rnglists
                0x00000088       0x47 ./Src/stm32f429i_gpio_driver.o
 .debug_rnglists
                0x000000cf       0x1b ./Src/stm32f429i_i2c_driver.o
 .debug_rnglists
                0x000000ea       0x13 ./Src/sysmem.o
 .debug_rnglists
                0x000000fd       0x19 ./Startup/startup_stm32f429zitx.o

.debug_macro    0x00000000     0x2910
 .debug_macro   0x00000000       0x91 ./Src/main.o
 .debug_macro   0x00000091      0xae4 ./Src/main.o
 .debug_macro   0x00000b75       0x22 ./Src/main.o
 .debug_macro   0x00000b97       0x8e ./Src/main.o
 .debug_macro   0x00000c25       0x51 ./Src/main.o
 .debug_macro   0x00000c76      0x103 ./Src/main.o
 .debug_macro   0x00000d79       0x6a ./Src/main.o
 .debug_macro   0x00000de3      0x1df ./Src/main.o
 .debug_macro   0x00000fc2      0x30b ./Src/main.o
 .debug_macro   0x000012cd      0x112 ./Src/main.o
 .debug_macro   0x000013df       0x76 ./Src/main.o
 .debug_macro   0x00001455       0x10 ./Src/main.o
 .debug_macro   0x00001465      0x13d ./Src/morse.o
 .debug_macro   0x000015a2       0x2a ./Src/morse.o
 .debug_macro   0x000015cc       0x5b ./Src/morse.o
 .debug_macro   0x00001627       0x94 ./Src/morse.o
 .debug_macro   0x000016bb       0x43 ./Src/morse.o
 .debug_macro   0x000016fe       0x34 ./Src/morse.o
 .debug_macro   0x00001732       0x16 ./Src/morse.o
 .debug_macro   0x00001748      0x11c ./Src/morse.o
 .debug_macro   0x00001864       0x9b ./Src/morse.o
 .debug_macro   0x000018ff       0x57 ./Src/morse.o
 .debug_macro   0x00001956      0x370 ./Src/morse.o
 .debug_macro   0x00001cc6       0x16 ./Src/morse.o
 .debug_macro   0x00001cdc       0x4a ./Src/morse.o
 .debug_macro   0x00001d26       0x34 ./Src/morse.o
 .debug_macro   0x00001d5a       0x10 ./Src/morse.o
 .debug_macro   0x00001d6a       0x58 ./Src/morse.o
 .debug_macro   0x00001dc2       0x8e ./Src/morse.o
 .debug_macro   0x00001e50       0x1c ./Src/morse.o
 .debug_macro   0x00001e6c      0x185 ./Src/morse.o
 .debug_macro   0x00001ff1       0x16 ./Src/morse.o
 .debug_macro   0x00002007       0x29 ./Src/morse.o
 .debug_macro   0x00002030       0x16 ./Src/morse.o
 .debug_macro   0x00002046       0x3c ./Src/morse.o
 .debug_macro   0x00002082       0x20 ./Src/morse.o
 .debug_macro   0x000020a2       0x7b ./Src/stm32f429i_gpio_driver.o
 .debug_macro   0x0000211d      0x305 ./Src/stm32f429i_gpio_driver.o
 .debug_macro   0x00002422       0x8a ./Src/stm32f429i_i2c_driver.o
 .debug_macro   0x000024ac       0x10 ./Src/stm32f429i_i2c_driver.o
 .debug_macro   0x000024bc      0x106 ./Src/stm32f429i_i2c_driver.o
 .debug_macro   0x000025c2      0x112 ./Src/sysmem.o
 .debug_macro   0x000026d4      0x23c ./Src/sysmem.o

.debug_line     0x00000000     0x225d
 .debug_line    0x00000000      0x7b1 ./Src/main.o
 .debug_line    0x000007b1      0x6c2 ./Src/morse.o
 .debug_line    0x00000e73      0x9ba ./Src/stm32f429i_gpio_driver.o
 .debug_line    0x0000182d      0x4df ./Src/stm32f429i_i2c_driver.o
 .debug_line    0x00001d0c      0x4d6 ./Src/sysmem.o
 .debug_line    0x000021e2       0x7b ./Startup/startup_stm32f429zitx.o

.debug_str      0x00000000     0x94ad
 .debug_str     0x00000000     0x94ad ./Src/main.o
                               0x5973 (size before relaxing)
 .debug_str     0x000094ad     0x692a ./Src/morse.o
 .debug_str     0x000094ad     0x569b ./Src/stm32f429i_gpio_driver.o
 .debug_str     0x000094ad     0x5572 ./Src/stm32f429i_i2c_driver.o
 .debug_str     0x000094ad     0x7775 ./Src/sysmem.o
 .debug_str     0x000094ad       0x61 ./Startup/startup_stm32f429zitx.o

.comment        0x00000000       0x43
 .comment       0x00000000       0x43 ./Src/main.o
                                 0x44 (size before relaxing)
 .comment       0x00000043       0x44 ./Src/morse.o
 .comment       0x00000043       0x44 ./Src/stm32f429i_gpio_driver.o
 .comment       0x00000043       0x44 ./Src/stm32f429i_i2c_driver.o
 .comment       0x00000043       0x44 ./Src/sysmem.o

.debug_frame    0x00000000      0x7c8
 .debug_frame   0x00000000      0x1d4 ./Src/main.o
 .debug_frame   0x000001d4       0x9c ./Src/morse.o
 .debug_frame   0x00000270      0x178 ./Src/stm32f429i_gpio_driver.o
 .debug_frame   0x000003e8       0x58 ./Src/stm32f429i_i2c_driver.o
 .debug_frame   0x00000440       0x34 ./Src/sysmem.o
 .debug_frame   0x00000474       0x30 /home/peng/st/stm32cubeide_1.18.0/plugins/com.st.stm32cube.ide.mcu.externaltools.gnu-tools-for-stm32.13.3.rel1.linux64_1.0.0.202410170706/tools/bin/../lib/gcc/arm-none-eabi/13.3.1/../../../../arm-none-eabi/lib/thumb/v7e-m+fp/hard/libc_nano.a(libc_a-malloc.o)
 .debug_frame   0x000004a4       0x50 /home/peng/st/stm32cubeide_1.18.0/plugins/com.st.stm32cube.ide.mcu.externaltools.gnu-tools-for-stm32.13.3.rel1.linux64_1.0.0.202410170706/tools/bin/../lib/gcc/arm-none-eabi/13.3.1/../../../../arm-none-eabi/lib/thumb/v7e-m+fp/hard/libc_nano.a(libc_a-mallocr.o)
 .debug_frame   0x000004f4       0x30 /home/peng/st/stm32cubeide_1.18.0/plugins/com.st.stm32cube.ide.mcu.externaltools.gnu-tools-for-stm32.13.3.rel1.linux64_1.0.0.202410170706/tools/bin/../lib/gcc/arm-none-eabi/13.3.1/../../../../arm-none-eabi/lib/thumb/v7e-m+fp/hard/libc_nano.a(libc_a-mlock.o)
 .debug_frame   0x00000524      0x144 /home/peng/st/stm32cubeide_1.18.0/plugins/com.st.stm32cube.ide.mcu.externaltools.gnu-tools-for-stm32.13.3.rel1.linux64_1.0.0.202410170706/tools/bin/../lib/gcc/arm-none-eabi/13.3.1/../../../../arm-none-eabi/lib/thumb/v7e-m+fp/hard/libc_nano.a(libc_a-findfp.o)
 .debug_frame   0x00000668       0x38 /home/peng/st/stm32cubeide_1.18.0/plugins/com.st.stm32cube.ide.mcu.externaltools.gnu-tools-for-stm32.13.3.rel1.linux64_1.0.0.202410170706/tools/bin/../lib/gcc/arm-none-eabi/13.3.1/../../../../arm-none-eabi/lib/thumb/v7e-m+fp/hard/libc_nano.a(libc_a-reent.o)
 .debug_frame   0x000006a0       0x2c /home/peng/st/stm32cubeide_1.18.0/plugins/com.st.stm32cube.ide.mcu.externaltools.gnu-tools-for-stm32.13.3.rel1.linux64_1.0.0.202410170706/tools/bin/../lib/gcc/arm-none-eabi/13.3.1/../../../../arm-none-eabi/lib/thumb/v7e-m+fp/hard/libc_nano.a(libc_a-sbrkr.o)
 .debug_frame   0x000006cc       0x20 /home/peng/st/stm32cubeide_1.18.0/plugins/com.st.stm32cube.ide.mcu.externaltools.gnu-tools-for-stm32.13.3.rel1.linux64_1.0.0.202410170706/tools/bin/../lib/gcc/arm-none-eabi/13.3.1/../../../../arm-none-eabi/lib/thumb/v7e-m+fp/hard/libc_nano.a(libc_a-errno.o)
 .debug_frame   0x000006ec       0x2c /home/peng/st/stm32cubeide_1.18.0/plugins/com.st.stm32cube.ide.mcu.externaltools.gnu-tools-for-stm32.13.3.rel1.linux64_1.0.0.202410170706/tools/bin/../lib/gcc/arm-none-eabi/13.3.1/../../../../arm-none-eabi/lib/thumb/v7e-m+fp/hard/libc_nano.a(libc_a-init.o)
 .debug_frame   0x00000718       0xb0 /home/peng/st/stm32cubeide_1.18.0/plugins/com.st.stm32cube.ide.mcu.externaltools.gnu-tools-for-stm32.13.3.rel1.linux64_1.0.0.202410170706/tools/bin/../lib/gcc/arm-none-eabi/13.3.1/../../../../arm-none-eabi/lib/thumb/v7e-m+fp/hard/libc_nano.a(libc_a-lock.o)

.debug_line_str
                0x00000000       0x45
 .debug_line_str
                0x00000000       0x45 ./Startup/startup_stm32f429zitx.o
