../Src/main.c:33:6:GPIO_InitConfig	24	static
../Src/main.c:63:6:TIM_Config	24	static
../Src/main.c:96:6:Timer2_StartCountdown	16	static
../Src/main.c:107:6:Timer3_StartCountdown	16	static
../Src/main.c:118:6:Timer4_StartCountdown	16	static
../Src/main.c:129:6:Timer2_Stop	4	static
../Src/main.c:136:6:Timer3_Stop	4	static
../Src/main.c:143:6:Timer4_Stop	4	static
../Src/main.c:150:6:EXTI0_IRQHandler	16	static
../Src/main.c:182:6:TIM2_IRQHandler	4	static
../Src/main.c:191:6:TIM3_IRQHandler	16	static
../Src/main.c:209:6:TIM4_IRQHandler	8	static
../Src/main.c:221:5:main	288	static
